------------------------------------------------------------
Timing Analyzer Summary
------------------------------------------------------------

Type  : Slow 1200mV 85C Model Setup 'clk'
Slack : -4.402
TNS   : -110.279

Type  : Slow 1200mV 85C Model Setup 'reloj:DIV_CLK|clkLETRAS'
Slack : -1.253
TNS   : -43.257

Type  : Slow 1200mV 85C Model Setup 'reloj:DIV_CLK|clkLED'
Slack : -1.053
TNS   : -12.323

Type  : Slow 1200mV 85C Model Hold 'reloj:DIV_CLK|clkLED'
Slack : 0.348
TNS   : 0.000

Type  : Slow 1200mV 85C Model Hold 'clk'
Slack : 0.426
TNS   : 0.000

Type  : Slow 1200mV 85C Model Hold 'reloj:DIV_CLK|clkLETRAS'
Slack : 0.762
TNS   : 0.000

Type  : Slow 1200mV 85C Model Minimum Pulse Width 'clk'
Slack : -3.000
TNS   : -80.165

Type  : Slow 1200mV 85C Model Minimum Pulse Width 'reloj:DIV_CLK|clkLETRAS'
Slack : -1.403
TNS   : -60.329

Type  : Slow 1200mV 85C Model Minimum Pulse Width 'reloj:DIV_CLK|clkLED'
Slack : -1.403
TNS   : -21.045

Type  : Slow 1200mV 0C Model Setup 'clk'
Slack : -4.007
TNS   : -95.273

Type  : Slow 1200mV 0C Model Setup 'reloj:DIV_CLK|clkLETRAS'
Slack : -1.051
TNS   : -35.994

Type  : Slow 1200mV 0C Model Setup 'reloj:DIV_CLK|clkLED'
Slack : -0.873
TNS   : -9.914

Type  : Slow 1200mV 0C Model Hold 'reloj:DIV_CLK|clkLED'
Slack : 0.312
TNS   : 0.000

Type  : Slow 1200mV 0C Model Hold 'clk'
Slack : 0.393
TNS   : 0.000

Type  : Slow 1200mV 0C Model Hold 'reloj:DIV_CLK|clkLETRAS'
Slack : 0.721
TNS   : 0.000

Type  : Slow 1200mV 0C Model Minimum Pulse Width 'clk'
Slack : -3.000
TNS   : -80.165

Type  : Slow 1200mV 0C Model Minimum Pulse Width 'reloj:DIV_CLK|clkLETRAS'
Slack : -1.403
TNS   : -60.329

Type  : Slow 1200mV 0C Model Minimum Pulse Width 'reloj:DIV_CLK|clkLED'
Slack : -1.403
TNS   : -21.045

Type  : Fast 1200mV 0C Model Setup 'clk'
Slack : -1.418
TNS   : -15.922

Type  : Fast 1200mV 0C Model Setup 'reloj:DIV_CLK|clkLETRAS'
Slack : 0.021
TNS   : 0.000

Type  : Fast 1200mV 0C Model Setup 'reloj:DIV_CLK|clkLED'
Slack : 0.105
TNS   : 0.000

Type  : Fast 1200mV 0C Model Hold 'reloj:DIV_CLK|clkLED'
Slack : 0.153
TNS   : 0.000

Type  : Fast 1200mV 0C Model Hold 'clk'
Slack : 0.170
TNS   : 0.000

Type  : Fast 1200mV 0C Model Hold 'reloj:DIV_CLK|clkLETRAS'
Slack : 0.275
TNS   : 0.000

Type  : Fast 1200mV 0C Model Minimum Pulse Width 'clk'
Slack : -3.000
TNS   : -59.920

Type  : Fast 1200mV 0C Model Minimum Pulse Width 'reloj:DIV_CLK|clkLETRAS'
Slack : -1.000
TNS   : -43.000

Type  : Fast 1200mV 0C Model Minimum Pulse Width 'reloj:DIV_CLK|clkLED'
Slack : -1.000
TNS   : -15.000

------------------------------------------------------------
